---
source: crates/explain/src/codes/tests.rs
expression: shown(code)
---
$ mix install ripgrep
error: setting up `mix` needs administrator rights

help: run it again with sudo:
        sudo mix install

$ mix explain not-root
NOT_ROOT

Setting up `mix` needs administrator rights.

Setting up changes the whole system: it creates `/nix`, build users and a system service.

To fix it:
  - run `mix bootstrap` with sudo
