---
source: crates/explain/src/codes/tests.rs
expression: shown(code)
---
$ mix install ripgrep
error: /nix: exists but is not a directory

help: remove it, then run `mix repair` again

$ mix explain unrepairable
UNREPAIRABLE

`mix repair` found something it will not change on its own.

It is something in the way that it would have to delete, a user that no longer exists, or a missing Nix runtime. The message says which.

To fix it:
  - use the help under the message
