---
source: crates/explain/src/codes/tests.rs
expression: shown(code)
---
$ mix install ripgrep
error: stopped before it could install ripgrep

help: run the same command again to pick up where it stopped

$ mix explain worker-ended
WORKER_ENDED

The privileged helper stopped before it answered.

`mix` starts a helper with administrator rights for this command. Whatever it had changed is undone by the next command.

To fix it:
  - run the command again to finish
