---
source: crates/explain/src/codes/tests.rs
expression: shown(code)
---
$ mix install ripgrep
error: `mix install` can't be run as root

help: run it again without sudo

$ mix explain root-not-allowed
ROOT_NOT_ALLOWED

Installing and removing packages cannot run as root.

These commands change your own profile, so they run as you.

To fix it:
  - run the command again without sudo
