---
source: crates/explain/src/codes/tests.rs
expression: shown(code)
---
$ mix install ripgrep
error: no permission to use /home/mix-user/.local/state/mix/state

help: check who owns it, then run `mix install` again

$ mix explain permission-denied
PERMISSION_DENIED

`mix` was not allowed to use a file or directory.

Usually something under your home directory is owned by another user, often root after a command was run with sudo.

To fix it:
  - check who owns the path named in the message
  - make it yours again with `chown`
  - run the command again
