---
source: crates/explain/src/codes/tests.rs
expression: shown(code)
---
$ mix install ripgrep
error: "rm -rf" isn't a valid package name

note: package names look like `ripgrep` or `python3`

$ mix explain invalid-package
INVALID_PACKAGE

A package name is not a plain Nix identifier.

A name such as `ripgrep` or `python3` cannot change the configuration it is written into, and anything else could.

To fix it:
  - use the package's plain name
