---
source: crates/explain/src/codes/tests.rs
expression: shown(code)
---
$ mix install ripgrep
error: `/usr/bin/git` is version 2.30.1, and `mix` needs 2.34 or newer

help: install a newer version, or add a newer one to your Nix profile

$ mix explain unsupported-program
UNSUPPORTED_PROGRAM

A program `mix` runs is older than the oldest version it supports.

`mix` relies on behavior that older releases of the program do not have, so it stops instead of guessing.

To fix it:
  - install a newer version, or add one to your Nix profile
  - run the command again
