---
source: crates/explain/src/codes/tests.rs
expression: shown(code)
---
$ mix install ripgrep
error: `mix` couldn't undo every change

help: run `mix doctor` to see what is left, and `mix repair` to put back what it can

$ mix explain rollback-incomplete
ROLLBACK_INCOMPLETE

The command failed, and undoing its changes failed too.

Some of the changes the command had already made are still in place.

To fix it:
  - run `mix doctor` to see what is left
  - run `mix repair` to put back what it can
