---
source: crates/explain/src/codes/tests.rs
expression: shown(code)
---
$ mix install ripgrep
error: this version of `mix` is older than the one that set up your packages

help: update `mix` using your original install method, or visit https://github.com/recregt/mix

$ mix explain newer-state
NEWER_STATE

Your package list was written by a newer version of `mix`.

This version leaves it alone instead of misreading it.

To fix it:
  - update `mix`
