---
source: crates/explain/src/codes/tests.rs
expression: shown(code)
---
$ mix install ripgrep
error: `mix` isn't set up yet

help: run `mix bootstrap` first

$ mix explain lock-missing
LOCK_MISSING

`mix` has not been set up on this machine.

The lock file `mix` uses to keep commands apart does not exist yet.

To fix it:
  - run `mix bootstrap`
