---
source: crates/core/src/ops/bootstrap/tests.rs
expression: "run.case(&before, &world)"
---
{
  "document": {
    "cancellation": "CANCELLATION_UNSPECIFIED",
    "changes": [
      {
        "action": "CHANGE_ACTION_CREATE",
        "operation": "OPERATION_ADD_GROUP",
        "status": "STATUS_SUCCEEDED",
        "step": "nixbld",
        "subject": "nixbld",
        "undone": true,
        "unknown": []
      },
      {
        "action": "CHANGE_ACTION_CREATE",
        "operation": "OPERATION_ADD_USER",
        "status": "STATUS_SUCCEEDED",
        "step": "nixbld1",
        "subject": "nixbld1",
        "undone": true,
        "unknown": []
      },
      {
        "action": "CHANGE_ACTION_CREATE",
        "operation": "OPERATION_ADD_USER",
        "status": "STATUS_SUCCEEDED",
        "step": "nixbld2",
        "subject": "nixbld2",
        "undone": true,
        "unknown": []
      },
      {
        "action": "CHANGE_ACTION_CREATE",
        "operation": "OPERATION_ADD_USER",
        "status": "STATUS_SUCCEEDED",
        "step": "nixbld3",
        "subject": "nixbld3",
        "undone": true,
        "unknown": []
      },
      {
        "action": "CHANGE_ACTION_CREATE",
        "operation": "OPERATION_ADD_USER",
        "status": "STATUS_SUCCEEDED",
        "step": "nixbld4",
        "subject": "nixbld4",
        "undone": true,
        "unknown": []
      },
      {
        "action": "CHANGE_ACTION_CREATE",
        "operation": "OPERATION_ADD_USER",
        "status": "STATUS_SUCCEEDED",
        "step": "nixbld5",
        "subject": "nixbld5",
        "undone": true,
        "unknown": []
      },
      {
        "action": "CHANGE_ACTION_CREATE",
        "operation": "OPERATION_ADD_USER",
        "status": "STATUS_SUCCEEDED",
        "step": "nixbld6",
        "subject": "nixbld6",
        "undone": true,
        "unknown": []
      },
      {
        "action": "CHANGE_ACTION_CREATE",
        "operation": "OPERATION_ADD_USER",
        "status": "STATUS_SUCCEEDED",
        "step": "nixbld7",
        "subject": "nixbld7",
        "undone": true,
        "unknown": []
      },
      {
        "action": "CHANGE_ACTION_CREATE",
        "operation": "OPERATION_ADD_USER",
        "status": "STATUS_SUCCEEDED",
        "step": "nixbld8",
        "subject": "nixbld8",
        "undone": true,
        "unknown": []
      },
      {
        "action": "CHANGE_ACTION_CREATE",
        "operation": "OPERATION_ADD_USER",
        "status": "STATUS_SUCCEEDED",
        "step": "nixbld9",
        "subject": "nixbld9",
        "undone": true,
        "unknown": []
      },
      {
        "action": "CHANGE_ACTION_CREATE",
        "operation": "OPERATION_ADD_USER",
        "status": "STATUS_SUCCEEDED",
        "step": "nixbld10",
        "subject": "nixbld10",
        "undone": true,
        "unknown": []
      },
      {
        "action": "CHANGE_ACTION_CREATE",
        "operation": "OPERATION_ADD_USER",
        "status": "STATUS_SUCCEEDED",
        "step": "nixbld11",
        "subject": "nixbld11",
        "undone": true,
        "unknown": []
      },
      {
        "action": "CHANGE_ACTION_CREATE",
        "operation": "OPERATION_ADD_USER",
        "status": "STATUS_SUCCEEDED",
        "step": "nixbld12",
        "subject": "nixbld12",
        "undone": true,
        "unknown": []
      },
      {
        "action": "CHANGE_ACTION_CREATE",
        "operation": "OPERATION_ADD_USER",
        "status": "STATUS_SUCCEEDED",
        "step": "nixbld13",
        "subject": "nixbld13",
        "undone": true,
        "unknown": []
      },
      {
        "action": "CHANGE_ACTION_CREATE",
        "operation": "OPERATION_ADD_USER",
        "status": "STATUS_SUCCEEDED",
        "step": "nixbld14",
        "subject": "nixbld14",
        "undone": true,
        "unknown": []
      },
      {
        "action": "CHANGE_ACTION_CREATE",
        "operation": "OPERATION_ADD_USER",
        "status": "STATUS_SUCCEEDED",
        "step": "nixbld15",
        "subject": "nixbld15",
        "undone": true,
        "unknown": []
      },
      {
        "action": "CHANGE_ACTION_CREATE",
        "operation": "OPERATION_ADD_USER",
        "status": "STATUS_SUCCEEDED",
        "step": "nixbld16",
        "subject": "nixbld16",
        "undone": true,
        "unknown": []
      },
      {
        "action": "CHANGE_ACTION_CREATE",
        "operation": "OPERATION_ADD_USER",
        "status": "STATUS_SUCCEEDED",
        "step": "nixbld17",
        "subject": "nixbld17",
        "undone": true,
        "unknown": []
      },
      {
        "action": "CHANGE_ACTION_CREATE",
        "operation": "OPERATION_ADD_USER",
        "status": "STATUS_SUCCEEDED",
        "step": "nixbld18",
        "subject": "nixbld18",
        "undone": true,
        "unknown": []
      },
      {
        "action": "CHANGE_ACTION_CREATE",
        "operation": "OPERATION_ADD_USER",
        "status": "STATUS_SUCCEEDED",
        "step": "nixbld19",
        "subject": "nixbld19",
        "undone": true,
        "unknown": []
      },
      {
        "action": "CHANGE_ACTION_CREATE",
        "operation": "OPERATION_ADD_USER",
        "status": "STATUS_SUCCEEDED",
        "step": "nixbld20",
        "subject": "nixbld20",
        "undone": true,
        "unknown": []
      },
      {
        "action": "CHANGE_ACTION_CREATE",
        "operation": "OPERATION_ADD_USER",
        "status": "STATUS_SUCCEEDED",
        "step": "nixbld21",
        "subject": "nixbld21",
        "undone": true,
        "unknown": []
      },
      {
        "action": "CHANGE_ACTION_CREATE",
        "operation": "OPERATION_ADD_USER",
        "status": "STATUS_SUCCEEDED",
        "step": "nixbld22",
        "subject": "nixbld22",
        "undone": true,
        "unknown": []
      },
      {
        "action": "CHANGE_ACTION_CREATE",
        "operation": "OPERATION_ADD_USER",
        "status": "STATUS_SUCCEEDED",
        "step": "nixbld23",
        "subject": "nixbld23",
        "undone": true,
        "unknown": []
      },
      {
        "action": "CHANGE_ACTION_CREATE",
        "operation": "OPERATION_ADD_USER",
        "status": "STATUS_SUCCEEDED",
        "step": "nixbld24",
        "subject": "nixbld24",
        "undone": true,
        "unknown": []
      },
      {
        "action": "CHANGE_ACTION_CREATE",
        "operation": "OPERATION_ADD_USER",
        "status": "STATUS_SUCCEEDED",
        "step": "nixbld25",
        "subject": "nixbld25",
        "undone": true,
        "unknown": []
      },
      {
        "action": "CHANGE_ACTION_CREATE",
        "operation": "OPERATION_ADD_USER",
        "status": "STATUS_SUCCEEDED",
        "step": "nixbld26",
        "subject": "nixbld26",
        "undone": true,
        "unknown": []
      },
      {
        "action": "CHANGE_ACTION_CREATE",
        "operation": "OPERATION_ADD_USER",
        "status": "STATUS_SUCCEEDED",
        "step": "nixbld27",
        "subject": "nixbld27",
        "undone": true,
        "unknown": []
      },
      {
        "action": "CHANGE_ACTION_CREATE",
        "operation": "OPERATION_ADD_USER",
        "status": "STATUS_SUCCEEDED",
        "step": "nixbld28",
        "subject": "nixbld28",
        "undone": true,
        "unknown": []
      },
      {
        "action": "CHANGE_ACTION_CREATE",
        "operation": "OPERATION_ADD_USER",
        "status": "STATUS_SUCCEEDED",
        "step": "nixbld29",
        "subject": "nixbld29",
        "undone": true,
        "unknown": []
      },
      {
        "action": "CHANGE_ACTION_CREATE",
        "operation": "OPERATION_ADD_USER",
        "status": "STATUS_SUCCEEDED",
        "step": "nixbld30",
        "subject": "nixbld30",
        "undone": true,
        "unknown": []
      },
      {
        "action": "CHANGE_ACTION_CREATE",
        "operation": "OPERATION_ADD_USER",
        "status": "STATUS_SUCCEEDED",
        "step": "nixbld31",
        "subject": "nixbld31",
        "undone": true,
        "unknown": []
      },
      {
        "action": "CHANGE_ACTION_CREATE",
        "operation": "OPERATION_ADD_USER",
        "status": "STATUS_SUCCEEDED",
        "step": "nixbld32",
        "subject": "nixbld32",
        "undone": true,
        "unknown": []
      },
      {
        "action": "CHANGE_ACTION_CREATE",
        "operation": "OPERATION_ADD_GROUP",
        "status": "STATUS_SUCCEEDED",
        "step": "mix-users",
        "subject": "mix-users",
        "undone": true,
        "unknown": []
      }
    ],
    "command": "bootstrap",
    "dryRun": false,
    "exit": 0,
    "formatVersion": "1.0",
    "problems": [
      {
        "causes": [],
        "code": "CODE_UNREPAIRABLE",
        "detail": "/nix: exists but is not a directory",
        "help": [
          "use the help under the message"
        ],
        "subject": "/nix",
        "title": "`mix repair` found something it will not change on its own",
        "type": "urn:mix:problem:unrepairable",
        "unrepairable": {
          "artifact": "/nix",
          "reason": "UNFIXABLE_NOT_A_DIRECTORY"
        }
      }
    ],
    "request": "request",
    "status": "STATUS_FAILED",
    "steps": [
      {
        "key": "nixbld",
        "status": "STATUS_SUCCEEDED",
        "subject": "nixbld",
        "undone": true,
        "verb": "VERB_CONFIGURING"
      },
      {
        "key": "nixbld1",
        "status": "STATUS_SUCCEEDED",
        "subject": "nixbld1",
        "undone": true,
        "verb": "VERB_CONFIGURING"
      },
      {
        "key": "nixbld2",
        "status": "STATUS_SUCCEEDED",
        "subject": "nixbld2",
        "undone": true,
        "verb": "VERB_CONFIGURING"
      },
      {
        "key": "nixbld3",
        "status": "STATUS_SUCCEEDED",
        "subject": "nixbld3",
        "undone": true,
        "verb": "VERB_CONFIGURING"
      },
      {
        "key": "nixbld4",
        "status": "STATUS_SUCCEEDED",
        "subject": "nixbld4",
        "undone": true,
        "verb": "VERB_CONFIGURING"
      },
      {
        "key": "nixbld5",
        "status": "STATUS_SUCCEEDED",
        "subject": "nixbld5",
        "undone": true,
        "verb": "VERB_CONFIGURING"
      },
      {
        "key": "nixbld6",
        "status": "STATUS_SUCCEEDED",
        "subject": "nixbld6",
        "undone": true,
        "verb": "VERB_CONFIGURING"
      },
      {
        "key": "nixbld7",
        "status": "STATUS_SUCCEEDED",
        "subject": "nixbld7",
        "undone": true,
        "verb": "VERB_CONFIGURING"
      },
      {
        "key": "nixbld8",
        "status": "STATUS_SUCCEEDED",
        "subject": "nixbld8",
        "undone": true,
        "verb": "VERB_CONFIGURING"
      },
      {
        "key": "nixbld9",
        "status": "STATUS_SUCCEEDED",
        "subject": "nixbld9",
        "undone": true,
        "verb": "VERB_CONFIGURING"
      },
      {
        "key": "nixbld10",
        "status": "STATUS_SUCCEEDED",
        "subject": "nixbld10",
        "undone": true,
        "verb": "VERB_CONFIGURING"
      },
      {
        "key": "nixbld11",
        "status": "STATUS_SUCCEEDED",
        "subject": "nixbld11",
        "undone": true,
        "verb": "VERB_CONFIGURING"
      },
      {
        "key": "nixbld12",
        "status": "STATUS_SUCCEEDED",
        "subject": "nixbld12",
        "undone": true,
        "verb": "VERB_CONFIGURING"
      },
      {
        "key": "nixbld13",
        "status": "STATUS_SUCCEEDED",
        "subject": "nixbld13",
        "undone": true,
        "verb": "VERB_CONFIGURING"
      },
      {
        "key": "nixbld14",
        "status": "STATUS_SUCCEEDED",
        "subject": "nixbld14",
        "undone": true,
        "verb": "VERB_CONFIGURING"
      },
      {
        "key": "nixbld15",
        "status": "STATUS_SUCCEEDED",
        "subject": "nixbld15",
        "undone": true,
        "verb": "VERB_CONFIGURING"
      },
      {
        "key": "nixbld16",
        "status": "STATUS_SUCCEEDED",
        "subject": "nixbld16",
        "undone": true,
        "verb": "VERB_CONFIGURING"
      },
      {
        "key": "nixbld17",
        "status": "STATUS_SUCCEEDED",
        "subject": "nixbld17",
        "undone": true,
        "verb": "VERB_CONFIGURING"
      },
      {
        "key": "nixbld18",
        "status": "STATUS_SUCCEEDED",
        "subject": "nixbld18",
        "undone": true,
        "verb": "VERB_CONFIGURING"
      },
      {
        "key": "nixbld19",
        "status": "STATUS_SUCCEEDED",
        "subject": "nixbld19",
        "undone": true,
        "verb": "VERB_CONFIGURING"
      },
      {
        "key": "nixbld20",
        "status": "STATUS_SUCCEEDED",
        "subject": "nixbld20",
        "undone": true,
        "verb": "VERB_CONFIGURING"
      },
      {
        "key": "nixbld21",
        "status": "STATUS_SUCCEEDED",
        "subject": "nixbld21",
        "undone": true,
        "verb": "VERB_CONFIGURING"
      },
      {
        "key": "nixbld22",
        "status": "STATUS_SUCCEEDED",
        "subject": "nixbld22",
        "undone": true,
        "verb": "VERB_CONFIGURING"
      },
      {
        "key": "nixbld23",
        "status": "STATUS_SUCCEEDED",
        "subject": "nixbld23",
        "undone": true,
        "verb": "VERB_CONFIGURING"
      },
      {
        "key": "nixbld24",
        "status": "STATUS_SUCCEEDED",
        "subject": "nixbld24",
        "undone": true,
        "verb": "VERB_CONFIGURING"
      },
      {
        "key": "nixbld25",
        "status": "STATUS_SUCCEEDED",
        "subject": "nixbld25",
        "undone": true,
        "verb": "VERB_CONFIGURING"
      },
      {
        "key": "nixbld26",
        "status": "STATUS_SUCCEEDED",
        "subject": "nixbld26",
        "undone": true,
        "verb": "VERB_CONFIGURING"
      },
      {
        "key": "nixbld27",
        "status": "STATUS_SUCCEEDED",
        "subject": "nixbld27",
        "undone": true,
        "verb": "VERB_CONFIGURING"
      },
      {
        "key": "nixbld28",
        "status": "STATUS_SUCCEEDED",
        "subject": "nixbld28",
        "undone": true,
        "verb": "VERB_CONFIGURING"
      },
      {
        "key": "nixbld29",
        "status": "STATUS_SUCCEEDED",
        "subject": "nixbld29",
        "undone": true,
        "verb": "VERB_CONFIGURING"
      },
      {
        "key": "nixbld30",
        "status": "STATUS_SUCCEEDED",
        "subject": "nixbld30",
        "undone": true,
        "verb": "VERB_CONFIGURING"
      },
      {
        "key": "nixbld31",
        "status": "STATUS_SUCCEEDED",
        "subject": "nixbld31",
        "undone": true,
        "verb": "VERB_CONFIGURING"
      },
      {
        "key": "nixbld32",
        "status": "STATUS_SUCCEEDED",
        "subject": "nixbld32",
        "undone": true,
        "verb": "VERB_CONFIGURING"
      },
      {
        "key": "mix-users",
        "status": "STATUS_SUCCEEDED",
        "subject": "mix-users",
        "undone": true,
        "verb": "VERB_CONFIGURING"
      },
      {
        "key": "/nix",
        "status": "STATUS_FAILED",
        "subject": "/nix",
        "undone": false,
        "verb": "VERB_CONFIGURING"
      }
    ],
    "waits": [],
    "warnings": []
  },
  "machine": {},
  "performed": [
    "AddGroup nixbld",
    "AddUser nixbld1",
    "AddUser nixbld2",
    "AddUser nixbld3",
    "AddUser nixbld4",
    "AddUser nixbld5",
    "AddUser nixbld6",
    "AddUser nixbld7",
    "AddUser nixbld8",
    "AddUser nixbld9",
    "AddUser nixbld10",
    "AddUser nixbld11",
    "AddUser nixbld12",
    "AddUser nixbld13",
    "AddUser nixbld14",
    "AddUser nixbld15",
    "AddUser nixbld16",
    "AddUser nixbld17",
    "AddUser nixbld18",
    "AddUser nixbld19",
    "AddUser nixbld20",
    "AddUser nixbld21",
    "AddUser nixbld22",
    "AddUser nixbld23",
    "AddUser nixbld24",
    "AddUser nixbld25",
    "AddUser nixbld26",
    "AddUser nixbld27",
    "AddUser nixbld28",
    "AddUser nixbld29",
    "AddUser nixbld30",
    "AddUser nixbld31",
    "AddUser nixbld32",
    "AddGroup mix-users",
    "DeleteGroup mix-users",
    "DeleteUser nixbld32",
    "DeleteUser nixbld31",
    "DeleteUser nixbld30",
    "DeleteUser nixbld29",
    "DeleteUser nixbld28",
    "DeleteUser nixbld27",
    "DeleteUser nixbld26",
    "DeleteUser nixbld25",
    "DeleteUser nixbld24",
    "DeleteUser nixbld23",
    "DeleteUser nixbld22",
    "DeleteUser nixbld21",
    "DeleteUser nixbld20",
    "DeleteUser nixbld19",
    "DeleteUser nixbld18",
    "DeleteUser nixbld17",
    "DeleteUser nixbld16",
    "DeleteUser nixbld15",
    "DeleteUser nixbld14",
    "DeleteUser nixbld13",
    "DeleteUser nixbld12",
    "DeleteUser nixbld11",
    "DeleteUser nixbld10",
    "DeleteUser nixbld9",
    "DeleteUser nixbld8",
    "DeleteUser nixbld7",
    "DeleteUser nixbld6",
    "DeleteUser nixbld5",
    "DeleteUser nixbld4",
    "DeleteUser nixbld3",
    "DeleteUser nixbld2",
    "DeleteUser nixbld1",
    "DeleteGroup nixbld"
  ]
}
