---
source: crates/core/src/ops/bootstrap/tests.rs
expression: "forced.case(&installed, &replaced)"
---
{
  "document": {
    "cancellation": "CANCELLATION_UNSPECIFIED",
    "changes": [
      {
        "action": "CHANGE_ACTION_UPDATE",
        "operation": "OPERATION_STOP_UNIT",
        "status": "STATUS_SUCCEEDED",
        "step": "remove-existing-installation",
        "subject": "nix-daemon.socket",
        "undone": false,
        "unknown": []
      },
      {
        "action": "CHANGE_ACTION_UPDATE",
        "operation": "OPERATION_DISABLE_UNIT",
        "status": "STATUS_SUCCEEDED",
        "step": "remove-existing-installation",
        "subject": "nix-daemon.socket",
        "undone": false,
        "unknown": []
      },
      {
        "action": "CHANGE_ACTION_DELETE",
        "operation": "OPERATION_SET_ASIDE",
        "status": "STATUS_SUCCEEDED",
        "step": "remove-existing-installation",
        "subject": "/etc/systemd/system/nix-daemon.service",
        "undone": false,
        "unknown": []
      },
      {
        "action": "CHANGE_ACTION_DELETE",
        "operation": "OPERATION_SET_ASIDE",
        "status": "STATUS_SUCCEEDED",
        "step": "remove-existing-installation",
        "subject": "/etc/systemd/system/nix-daemon.socket",
        "undone": false,
        "unknown": []
      },
      {
        "action": "CHANGE_ACTION_UPDATE",
        "operation": "OPERATION_DAEMON_RELOAD",
        "status": "STATUS_SUCCEEDED",
        "step": "remove-existing-installation",
        "subject": "",
        "undone": false,
        "unknown": []
      },
      {
        "action": "CHANGE_ACTION_DELETE",
        "operation": "OPERATION_DELETE_USER",
        "status": "STATUS_SUCCEEDED",
        "step": "remove-existing-installation",
        "subject": "nixbld1",
        "undone": false,
        "unknown": []
      },
      {
        "action": "CHANGE_ACTION_DELETE",
        "operation": "OPERATION_DELETE_USER",
        "status": "STATUS_SUCCEEDED",
        "step": "remove-existing-installation",
        "subject": "nixbld2",
        "undone": false,
        "unknown": []
      },
      {
        "action": "CHANGE_ACTION_DELETE",
        "operation": "OPERATION_DELETE_USER",
        "status": "STATUS_SUCCEEDED",
        "step": "remove-existing-installation",
        "subject": "nixbld3",
        "undone": false,
        "unknown": []
      },
      {
        "action": "CHANGE_ACTION_DELETE",
        "operation": "OPERATION_DELETE_USER",
        "status": "STATUS_SUCCEEDED",
        "step": "remove-existing-installation",
        "subject": "nixbld4",
        "undone": false,
        "unknown": []
      },
      {
        "action": "CHANGE_ACTION_DELETE",
        "operation": "OPERATION_DELETE_USER",
        "status": "STATUS_SUCCEEDED",
        "step": "remove-existing-installation",
        "subject": "nixbld5",
        "undone": false,
        "unknown": []
      },
      {
        "action": "CHANGE_ACTION_DELETE",
        "operation": "OPERATION_DELETE_USER",
        "status": "STATUS_SUCCEEDED",
        "step": "remove-existing-installation",
        "subject": "nixbld6",
        "undone": false,
        "unknown": []
      },
      {
        "action": "CHANGE_ACTION_DELETE",
        "operation": "OPERATION_DELETE_USER",
        "status": "STATUS_SUCCEEDED",
        "step": "remove-existing-installation",
        "subject": "nixbld7",
        "undone": false,
        "unknown": []
      },
      {
        "action": "CHANGE_ACTION_DELETE",
        "operation": "OPERATION_DELETE_USER",
        "status": "STATUS_SUCCEEDED",
        "step": "remove-existing-installation",
        "subject": "nixbld8",
        "undone": false,
        "unknown": []
      },
      {
        "action": "CHANGE_ACTION_DELETE",
        "operation": "OPERATION_DELETE_USER",
        "status": "STATUS_SUCCEEDED",
        "step": "remove-existing-installation",
        "subject": "nixbld9",
        "undone": false,
        "unknown": []
      },
      {
        "action": "CHANGE_ACTION_DELETE",
        "operation": "OPERATION_DELETE_USER",
        "status": "STATUS_SUCCEEDED",
        "step": "remove-existing-installation",
        "subject": "nixbld10",
        "undone": false,
        "unknown": []
      },
      {
        "action": "CHANGE_ACTION_DELETE",
        "operation": "OPERATION_DELETE_USER",
        "status": "STATUS_SUCCEEDED",
        "step": "remove-existing-installation",
        "subject": "nixbld11",
        "undone": false,
        "unknown": []
      },
      {
        "action": "CHANGE_ACTION_DELETE",
        "operation": "OPERATION_DELETE_USER",
        "status": "STATUS_SUCCEEDED",
        "step": "remove-existing-installation",
        "subject": "nixbld12",
        "undone": false,
        "unknown": []
      },
      {
        "action": "CHANGE_ACTION_DELETE",
        "operation": "OPERATION_DELETE_USER",
        "status": "STATUS_SUCCEEDED",
        "step": "remove-existing-installation",
        "subject": "nixbld13",
        "undone": false,
        "unknown": []
      },
      {
        "action": "CHANGE_ACTION_DELETE",
        "operation": "OPERATION_DELETE_USER",
        "status": "STATUS_SUCCEEDED",
        "step": "remove-existing-installation",
        "subject": "nixbld14",
        "undone": false,
        "unknown": []
      },
      {
        "action": "CHANGE_ACTION_DELETE",
        "operation": "OPERATION_DELETE_USER",
        "status": "STATUS_SUCCEEDED",
        "step": "remove-existing-installation",
        "subject": "nixbld15",
        "undone": false,
        "unknown": []
      },
      {
        "action": "CHANGE_ACTION_DELETE",
        "operation": "OPERATION_DELETE_USER",
        "status": "STATUS_SUCCEEDED",
        "step": "remove-existing-installation",
        "subject": "nixbld16",
        "undone": false,
        "unknown": []
      },
      {
        "action": "CHANGE_ACTION_DELETE",
        "operation": "OPERATION_DELETE_USER",
        "status": "STATUS_SUCCEEDED",
        "step": "remove-existing-installation",
        "subject": "nixbld17",
        "undone": false,
        "unknown": []
      },
      {
        "action": "CHANGE_ACTION_DELETE",
        "operation": "OPERATION_DELETE_USER",
        "status": "STATUS_SUCCEEDED",
        "step": "remove-existing-installation",
        "subject": "nixbld18",
        "undone": false,
        "unknown": []
      },
      {
        "action": "CHANGE_ACTION_DELETE",
        "operation": "OPERATION_DELETE_USER",
        "status": "STATUS_SUCCEEDED",
        "step": "remove-existing-installation",
        "subject": "nixbld19",
        "undone": false,
        "unknown": []
      },
      {
        "action": "CHANGE_ACTION_DELETE",
        "operation": "OPERATION_DELETE_USER",
        "status": "STATUS_SUCCEEDED",
        "step": "remove-existing-installation",
        "subject": "nixbld20",
        "undone": false,
        "unknown": []
      },
      {
        "action": "CHANGE_ACTION_DELETE",
        "operation": "OPERATION_DELETE_USER",
        "status": "STATUS_SUCCEEDED",
        "step": "remove-existing-installation",
        "subject": "nixbld21",
        "undone": false,
        "unknown": []
      },
      {
        "action": "CHANGE_ACTION_DELETE",
        "operation": "OPERATION_DELETE_USER",
        "status": "STATUS_SUCCEEDED",
        "step": "remove-existing-installation",
        "subject": "nixbld22",
        "undone": false,
        "unknown": []
      },
      {
        "action": "CHANGE_ACTION_DELETE",
        "operation": "OPERATION_DELETE_USER",
        "status": "STATUS_SUCCEEDED",
        "step": "remove-existing-installation",
        "subject": "nixbld23",
        "undone": false,
        "unknown": []
      },
      {
        "action": "CHANGE_ACTION_DELETE",
        "operation": "OPERATION_DELETE_USER",
        "status": "STATUS_SUCCEEDED",
        "step": "remove-existing-installation",
        "subject": "nixbld24",
        "undone": false,
        "unknown": []
      },
      {
        "action": "CHANGE_ACTION_DELETE",
        "operation": "OPERATION_DELETE_USER",
        "status": "STATUS_SUCCEEDED",
        "step": "remove-existing-installation",
        "subject": "nixbld25",
        "undone": false,
        "unknown": []
      },
      {
        "action": "CHANGE_ACTION_DELETE",
        "operation": "OPERATION_DELETE_USER",
        "status": "STATUS_SUCCEEDED",
        "step": "remove-existing-installation",
        "subject": "nixbld26",
        "undone": false,
        "unknown": []
      },
      {
        "action": "CHANGE_ACTION_DELETE",
        "operation": "OPERATION_DELETE_USER",
        "status": "STATUS_SUCCEEDED",
        "step": "remove-existing-installation",
        "subject": "nixbld27",
        "undone": false,
        "unknown": []
      },
      {
        "action": "CHANGE_ACTION_DELETE",
        "operation": "OPERATION_DELETE_USER",
        "status": "STATUS_SUCCEEDED",
        "step": "remove-existing-installation",
        "subject": "nixbld28",
        "undone": false,
        "unknown": []
      },
      {
        "action": "CHANGE_ACTION_DELETE",
        "operation": "OPERATION_DELETE_USER",
        "status": "STATUS_SUCCEEDED",
        "step": "remove-existing-installation",
        "subject": "nixbld29",
        "undone": false,
        "unknown": []
      },
      {
        "action": "CHANGE_ACTION_DELETE",
        "operation": "OPERATION_DELETE_USER",
        "status": "STATUS_SUCCEEDED",
        "step": "remove-existing-installation",
        "subject": "nixbld30",
        "undone": false,
        "unknown": []
      },
      {
        "action": "CHANGE_ACTION_DELETE",
        "operation": "OPERATION_DELETE_USER",
        "status": "STATUS_SUCCEEDED",
        "step": "remove-existing-installation",
        "subject": "nixbld31",
        "undone": false,
        "unknown": []
      },
      {
        "action": "CHANGE_ACTION_DELETE",
        "operation": "OPERATION_DELETE_USER",
        "status": "STATUS_SUCCEEDED",
        "step": "remove-existing-installation",
        "subject": "nixbld32",
        "undone": false,
        "unknown": []
      },
      {
        "action": "CHANGE_ACTION_DELETE",
        "operation": "OPERATION_DELETE_GROUP",
        "status": "STATUS_SUCCEEDED",
        "step": "remove-existing-installation",
        "subject": "nixbld",
        "undone": false,
        "unknown": []
      },
      {
        "action": "CHANGE_ACTION_DELETE",
        "operation": "OPERATION_DELETE_GROUP",
        "status": "STATUS_SUCCEEDED",
        "step": "remove-existing-installation",
        "subject": "mix-users",
        "undone": false,
        "unknown": []
      },
      {
        "action": "CHANGE_ACTION_DELETE",
        "operation": "OPERATION_SET_ASIDE",
        "status": "STATUS_SUCCEEDED",
        "step": "remove-existing-installation",
        "subject": "/etc/nix/nix.conf",
        "undone": false,
        "unknown": []
      },
      {
        "action": "CHANGE_ACTION_DELETE",
        "operation": "OPERATION_SET_ASIDE",
        "status": "STATUS_SUCCEEDED",
        "step": "remove-existing-installation",
        "subject": "/etc/profile.d/mix-nix.sh",
        "undone": false,
        "unknown": []
      },
      {
        "action": "CHANGE_ACTION_DELETE",
        "operation": "OPERATION_SET_ASIDE",
        "status": "STATUS_SUCCEEDED",
        "step": "remove-existing-installation",
        "subject": "/etc/mix/policy.json",
        "undone": false,
        "unknown": []
      },
      {
        "action": "CHANGE_ACTION_DELETE",
        "operation": "OPERATION_SET_ASIDE",
        "status": "STATUS_SUCCEEDED",
        "step": "remove-existing-installation",
        "subject": "/nix",
        "undone": false,
        "unknown": []
      },
      {
        "action": "CHANGE_ACTION_CREATE",
        "operation": "OPERATION_ADD_GROUP",
        "status": "STATUS_SUCCEEDED",
        "step": "nixbld",
        "subject": "nixbld",
        "undone": false,
        "unknown": []
      },
      {
        "action": "CHANGE_ACTION_CREATE",
        "operation": "OPERATION_ADD_USER",
        "status": "STATUS_SUCCEEDED",
        "step": "nixbld1",
        "subject": "nixbld1",
        "undone": false,
        "unknown": []
      },
      {
        "action": "CHANGE_ACTION_CREATE",
        "operation": "OPERATION_ADD_USER",
        "status": "STATUS_SUCCEEDED",
        "step": "nixbld2",
        "subject": "nixbld2",
        "undone": false,
        "unknown": []
      },
      {
        "action": "CHANGE_ACTION_CREATE",
        "operation": "OPERATION_ADD_USER",
        "status": "STATUS_SUCCEEDED",
        "step": "nixbld3",
        "subject": "nixbld3",
        "undone": false,
        "unknown": []
      },
      {
        "action": "CHANGE_ACTION_CREATE",
        "operation": "OPERATION_ADD_USER",
        "status": "STATUS_SUCCEEDED",
        "step": "nixbld4",
        "subject": "nixbld4",
        "undone": false,
        "unknown": []
      },
      {
        "action": "CHANGE_ACTION_CREATE",
        "operation": "OPERATION_ADD_USER",
        "status": "STATUS_SUCCEEDED",
        "step": "nixbld5",
        "subject": "nixbld5",
        "undone": false,
        "unknown": []
      },
      {
        "action": "CHANGE_ACTION_CREATE",
        "operation": "OPERATION_ADD_USER",
        "status": "STATUS_SUCCEEDED",
        "step": "nixbld6",
        "subject": "nixbld6",
        "undone": false,
        "unknown": []
      },
      {
        "action": "CHANGE_ACTION_CREATE",
        "operation": "OPERATION_ADD_USER",
        "status": "STATUS_SUCCEEDED",
        "step": "nixbld7",
        "subject": "nixbld7",
        "undone": false,
        "unknown": []
      },
      {
        "action": "CHANGE_ACTION_CREATE",
        "operation": "OPERATION_ADD_USER",
        "status": "STATUS_SUCCEEDED",
        "step": "nixbld8",
        "subject": "nixbld8",
        "undone": false,
        "unknown": []
      },
      {
        "action": "CHANGE_ACTION_CREATE",
        "operation": "OPERATION_ADD_USER",
        "status": "STATUS_SUCCEEDED",
        "step": "nixbld9",
        "subject": "nixbld9",
        "undone": false,
        "unknown": []
      },
      {
        "action": "CHANGE_ACTION_CREATE",
        "operation": "OPERATION_ADD_USER",
        "status": "STATUS_SUCCEEDED",
        "step": "nixbld10",
        "subject": "nixbld10",
        "undone": false,
        "unknown": []
      },
      {
        "action": "CHANGE_ACTION_CREATE",
        "operation": "OPERATION_ADD_USER",
        "status": "STATUS_SUCCEEDED",
        "step": "nixbld11",
        "subject": "nixbld11",
        "undone": false,
        "unknown": []
      },
      {
        "action": "CHANGE_ACTION_CREATE",
        "operation": "OPERATION_ADD_USER",
        "status": "STATUS_SUCCEEDED",
        "step": "nixbld12",
        "subject": "nixbld12",
        "undone": false,
        "unknown": []
      },
      {
        "action": "CHANGE_ACTION_CREATE",
        "operation": "OPERATION_ADD_USER",
        "status": "STATUS_SUCCEEDED",
        "step": "nixbld13",
        "subject": "nixbld13",
        "undone": false,
        "unknown": []
      },
      {
        "action": "CHANGE_ACTION_CREATE",
        "operation": "OPERATION_ADD_USER",
        "status": "STATUS_SUCCEEDED",
        "step": "nixbld14",
        "subject": "nixbld14",
        "undone": false,
        "unknown": []
      },
      {
        "action": "CHANGE_ACTION_CREATE",
        "operation": "OPERATION_ADD_USER",
        "status": "STATUS_SUCCEEDED",
        "step": "nixbld15",
        "subject": "nixbld15",
        "undone": false,
        "unknown": []
      },
      {
        "action": "CHANGE_ACTION_CREATE",
        "operation": "OPERATION_ADD_USER",
        "status": "STATUS_SUCCEEDED",
        "step": "nixbld16",
        "subject": "nixbld16",
        "undone": false,
        "unknown": []
      },
      {
        "action": "CHANGE_ACTION_CREATE",
        "operation": "OPERATION_ADD_USER",
        "status": "STATUS_SUCCEEDED",
        "step": "nixbld17",
        "subject": "nixbld17",
        "undone": false,
        "unknown": []
      },
      {
        "action": "CHANGE_ACTION_CREATE",
        "operation": "OPERATION_ADD_USER",
        "status": "STATUS_SUCCEEDED",
        "step": "nixbld18",
        "subject": "nixbld18",
        "undone": false,
        "unknown": []
      },
      {
        "action": "CHANGE_ACTION_CREATE",
        "operation": "OPERATION_ADD_USER",
        "status": "STATUS_SUCCEEDED",
        "step": "nixbld19",
        "subject": "nixbld19",
        "undone": false,
        "unknown": []
      },
      {
        "action": "CHANGE_ACTION_CREATE",
        "operation": "OPERATION_ADD_USER",
        "status": "STATUS_SUCCEEDED",
        "step": "nixbld20",
        "subject": "nixbld20",
        "undone": false,
        "unknown": []
      },
      {
        "action": "CHANGE_ACTION_CREATE",
        "operation": "OPERATION_ADD_USER",
        "status": "STATUS_SUCCEEDED",
        "step": "nixbld21",
        "subject": "nixbld21",
        "undone": false,
        "unknown": []
      },
      {
        "action": "CHANGE_ACTION_CREATE",
        "operation": "OPERATION_ADD_USER",
        "status": "STATUS_SUCCEEDED",
        "step": "nixbld22",
        "subject": "nixbld22",
        "undone": false,
        "unknown": []
      },
      {
        "action": "CHANGE_ACTION_CREATE",
        "operation": "OPERATION_ADD_USER",
        "status": "STATUS_SUCCEEDED",
        "step": "nixbld23",
        "subject": "nixbld23",
        "undone": false,
        "unknown": []
      },
      {
        "action": "CHANGE_ACTION_CREATE",
        "operation": "OPERATION_ADD_USER",
        "status": "STATUS_SUCCEEDED",
        "step": "nixbld24",
        "subject": "nixbld24",
        "undone": false,
        "unknown": []
      },
      {
        "action": "CHANGE_ACTION_CREATE",
        "operation": "OPERATION_ADD_USER",
        "status": "STATUS_SUCCEEDED",
        "step": "nixbld25",
        "subject": "nixbld25",
        "undone": false,
        "unknown": []
      },
      {
        "action": "CHANGE_ACTION_CREATE",
        "operation": "OPERATION_ADD_USER",
        "status": "STATUS_SUCCEEDED",
        "step": "nixbld26",
        "subject": "nixbld26",
        "undone": false,
        "unknown": []
      },
      {
        "action": "CHANGE_ACTION_CREATE",
        "operation": "OPERATION_ADD_USER",
        "status": "STATUS_SUCCEEDED",
        "step": "nixbld27",
        "subject": "nixbld27",
        "undone": false,
        "unknown": []
      },
      {
        "action": "CHANGE_ACTION_CREATE",
        "operation": "OPERATION_ADD_USER",
        "status": "STATUS_SUCCEEDED",
        "step": "nixbld28",
        "subject": "nixbld28",
        "undone": false,
        "unknown": []
      },
      {
        "action": "CHANGE_ACTION_CREATE",
        "operation": "OPERATION_ADD_USER",
        "status": "STATUS_SUCCEEDED",
        "step": "nixbld29",
        "subject": "nixbld29",
        "undone": false,
        "unknown": []
      },
      {
        "action": "CHANGE_ACTION_CREATE",
        "operation": "OPERATION_ADD_USER",
        "status": "STATUS_SUCCEEDED",
        "step": "nixbld30",
        "subject": "nixbld30",
        "undone": false,
        "unknown": []
      },
      {
        "action": "CHANGE_ACTION_CREATE",
        "operation": "OPERATION_ADD_USER",
        "status": "STATUS_SUCCEEDED",
        "step": "nixbld31",
        "subject": "nixbld31",
        "undone": false,
        "unknown": []
      },
      {
        "action": "CHANGE_ACTION_CREATE",
        "operation": "OPERATION_ADD_USER",
        "status": "STATUS_SUCCEEDED",
        "step": "nixbld32",
        "subject": "nixbld32",
        "undone": false,
        "unknown": []
      },
      {
        "action": "CHANGE_ACTION_CREATE",
        "operation": "OPERATION_ADD_GROUP",
        "status": "STATUS_SUCCEEDED",
        "step": "mix-users",
        "subject": "mix-users",
        "undone": false,
        "unknown": []
      },
      {
        "action": "CHANGE_ACTION_CREATE",
        "operation": "OPERATION_ADD_MEMBER",
        "status": "STATUS_SUCCEEDED",
        "step": "alice",
        "subject": "alice in mix-users",
        "undone": false,
        "unknown": []
      },
      {
        "action": "CHANGE_ACTION_CREATE",
        "operation": "OPERATION_CREATE_DIRS",
        "status": "STATUS_SUCCEEDED",
        "step": "/nix",
        "subject": "/nix",
        "undone": false,
        "unknown": []
      },
      {
        "action": "CHANGE_ACTION_UPDATE",
        "operation": "OPERATION_PUT_FILE",
        "status": "STATUS_SUCCEEDED",
        "step": "/nix/.mix-managed",
        "subject": "/nix/.mix-managed",
        "undone": false,
        "unknown": []
      },
      {
        "action": "CHANGE_ACTION_CREATE",
        "operation": "OPERATION_CREATE_DIRS",
        "status": "STATUS_SUCCEEDED",
        "step": "/nix/store",
        "subject": "/nix/store",
        "undone": false,
        "unknown": []
      },
      {
        "action": "CHANGE_ACTION_CREATE",
        "operation": "OPERATION_CREATE_DIRS",
        "status": "STATUS_SUCCEEDED",
        "step": "/nix/var",
        "subject": "/nix/var",
        "undone": false,
        "unknown": []
      },
      {
        "action": "CHANGE_ACTION_CREATE",
        "operation": "OPERATION_CREATE_DIRS",
        "status": "STATUS_SUCCEEDED",
        "step": "/nix/var/log",
        "subject": "/nix/var/log",
        "undone": false,
        "unknown": []
      },
      {
        "action": "CHANGE_ACTION_CREATE",
        "operation": "OPERATION_CREATE_DIRS",
        "status": "STATUS_SUCCEEDED",
        "step": "/nix/var/log/nix",
        "subject": "/nix/var/log/nix",
        "undone": false,
        "unknown": []
      },
      {
        "action": "CHANGE_ACTION_CREATE",
        "operation": "OPERATION_CREATE_DIRS",
        "status": "STATUS_SUCCEEDED",
        "step": "/nix/var/log/nix/drvs",
        "subject": "/nix/var/log/nix/drvs",
        "undone": false,
        "unknown": []
      },
      {
        "action": "CHANGE_ACTION_CREATE",
        "operation": "OPERATION_CREATE_DIRS",
        "status": "STATUS_SUCCEEDED",
        "step": "/nix/var/nix",
        "subject": "/nix/var/nix",
        "undone": false,
        "unknown": []
      },
      {
        "action": "CHANGE_ACTION_CREATE",
        "operation": "OPERATION_CREATE_DIRS",
        "status": "STATUS_SUCCEEDED",
        "step": "/nix/var/nix/daemon-socket",
        "subject": "/nix/var/nix/daemon-socket",
        "undone": false,
        "unknown": []
      },
      {
        "action": "CHANGE_ACTION_CREATE",
        "operation": "OPERATION_CREATE_DIRS",
        "status": "STATUS_SUCCEEDED",
        "step": "/nix/var/nix/db",
        "subject": "/nix/var/nix/db",
        "undone": false,
        "unknown": []
      },
      {
        "action": "CHANGE_ACTION_CREATE",
        "operation": "OPERATION_CREATE_DIRS",
        "status": "STATUS_SUCCEEDED",
        "step": "/nix/var/nix/gcroots",
        "subject": "/nix/var/nix/gcroots",
        "undone": false,
        "unknown": []
      },
      {
        "action": "CHANGE_ACTION_CREATE",
        "operation": "OPERATION_CREATE_DIRS",
        "status": "STATUS_SUCCEEDED",
        "step": "/nix/var/nix/gcroots/per-user",
        "subject": "/nix/var/nix/gcroots/per-user",
        "undone": false,
        "unknown": []
      },
      {
        "action": "CHANGE_ACTION_CREATE",
        "operation": "OPERATION_CREATE_DIRS",
        "status": "STATUS_SUCCEEDED",
        "step": "/nix/var/nix/profiles",
        "subject": "/nix/var/nix/profiles",
        "undone": false,
        "unknown": []
      },
      {
        "action": "CHANGE_ACTION_CREATE",
        "operation": "OPERATION_INSTALL_RUNTIME",
        "status": "STATUS_SUCCEEDED",
        "step": "default profile",
        "subject": "https://mirror.internal/nix-2.35.2-x86_64-linux.tar.xz",
        "undone": false,
        "unknown": []
      },
      {
        "action": "CHANGE_ACTION_CREATE",
        "operation": "OPERATION_CREATE_DIRS",
        "status": "STATUS_SUCCEEDED",
        "step": "/nix/var/nix/profiles/per-user",
        "subject": "/nix/var/nix/profiles/per-user",
        "undone": false,
        "unknown": []
      },
      {
        "action": "CHANGE_ACTION_CREATE",
        "operation": "OPERATION_CREATE_DIRS",
        "status": "STATUS_SUCCEEDED",
        "step": "/nix/var/nix/temproots",
        "subject": "/nix/var/nix/temproots",
        "undone": false,
        "unknown": []
      },
      {
        "action": "CHANGE_ACTION_CREATE",
        "operation": "OPERATION_CREATE_DIRS",
        "status": "STATUS_SUCCEEDED",
        "step": "/nix/var/nix/userpool",
        "subject": "/nix/var/nix/userpool",
        "undone": false,
        "unknown": []
      },
      {
        "action": "CHANGE_ACTION_UPDATE",
        "operation": "OPERATION_PUT_FILE",
        "status": "STATUS_SUCCEEDED",
        "step": "/etc/mix/policy.json",
        "subject": "/etc/mix/policy.json",
        "undone": false,
        "unknown": []
      },
      {
        "action": "CHANGE_ACTION_UPDATE",
        "operation": "OPERATION_PUT_FILE",
        "status": "STATUS_SUCCEEDED",
        "step": "/etc/nix/nix.conf",
        "subject": "/etc/nix/nix.conf",
        "undone": false,
        "unknown": []
      },
      {
        "action": "CHANGE_ACTION_UPDATE",
        "operation": "OPERATION_PUT_FILE",
        "status": "STATUS_SUCCEEDED",
        "step": "/etc/profile.d/mix-nix.sh",
        "subject": "/etc/profile.d/mix-nix.sh",
        "undone": false,
        "unknown": []
      },
      {
        "action": "CHANGE_ACTION_UPDATE",
        "operation": "OPERATION_INSTALL_UNIT",
        "status": "STATUS_SUCCEEDED",
        "step": "nix-daemon.service",
        "subject": "nix-daemon.service",
        "undone": false,
        "unknown": []
      },
      {
        "action": "CHANGE_ACTION_UPDATE",
        "operation": "OPERATION_DAEMON_RELOAD",
        "status": "STATUS_SUCCEEDED",
        "step": "nix-daemon.service",
        "subject": "",
        "undone": false,
        "unknown": []
      },
      {
        "action": "CHANGE_ACTION_UPDATE",
        "operation": "OPERATION_INSTALL_UNIT",
        "status": "STATUS_SUCCEEDED",
        "step": "nix-daemon.socket",
        "subject": "nix-daemon.socket",
        "undone": false,
        "unknown": []
      },
      {
        "action": "CHANGE_ACTION_UPDATE",
        "operation": "OPERATION_DAEMON_RELOAD",
        "status": "STATUS_SUCCEEDED",
        "step": "nix-daemon.socket",
        "subject": "",
        "undone": false,
        "unknown": []
      },
      {
        "action": "CHANGE_ACTION_UPDATE",
        "operation": "OPERATION_ENABLE_UNIT",
        "status": "STATUS_SUCCEEDED",
        "step": "nix-daemon.socket",
        "subject": "nix-daemon.socket",
        "undone": false,
        "unknown": []
      },
      {
        "action": "CHANGE_ACTION_UPDATE",
        "operation": "OPERATION_START_UNIT",
        "status": "STATUS_SUCCEEDED",
        "step": "nix-daemon.socket",
        "subject": "nix-daemon.socket",
        "undone": false,
        "unknown": []
      }
    ],
    "command": "bootstrap",
    "dryRun": false,
    "exit": 0,
    "formatVersion": "1.0",
    "problems": [],
    "request": "request",
    "status": "STATUS_SUCCEEDED",
    "steps": [
      {
        "key": "remove-existing-installation",
        "status": "STATUS_SUCCEEDED",
        "subject": "existing installation",
        "undone": false,
        "verb": "VERB_REMOVING"
      },
      {
        "key": "nixbld",
        "status": "STATUS_SUCCEEDED",
        "subject": "nixbld",
        "undone": false,
        "verb": "VERB_CONFIGURING"
      },
      {
        "key": "nixbld1",
        "status": "STATUS_SUCCEEDED",
        "subject": "nixbld1",
        "undone": false,
        "verb": "VERB_CONFIGURING"
      },
      {
        "key": "nixbld2",
        "status": "STATUS_SUCCEEDED",
        "subject": "nixbld2",
        "undone": false,
        "verb": "VERB_CONFIGURING"
      },
      {
        "key": "nixbld3",
        "status": "STATUS_SUCCEEDED",
        "subject": "nixbld3",
        "undone": false,
        "verb": "VERB_CONFIGURING"
      },
      {
        "key": "nixbld4",
        "status": "STATUS_SUCCEEDED",
        "subject": "nixbld4",
        "undone": false,
        "verb": "VERB_CONFIGURING"
      },
      {
        "key": "nixbld5",
        "status": "STATUS_SUCCEEDED",
        "subject": "nixbld5",
        "undone": false,
        "verb": "VERB_CONFIGURING"
      },
      {
        "key": "nixbld6",
        "status": "STATUS_SUCCEEDED",
        "subject": "nixbld6",
        "undone": false,
        "verb": "VERB_CONFIGURING"
      },
      {
        "key": "nixbld7",
        "status": "STATUS_SUCCEEDED",
        "subject": "nixbld7",
        "undone": false,
        "verb": "VERB_CONFIGURING"
      },
      {
        "key": "nixbld8",
        "status": "STATUS_SUCCEEDED",
        "subject": "nixbld8",
        "undone": false,
        "verb": "VERB_CONFIGURING"
      },
      {
        "key": "nixbld9",
        "status": "STATUS_SUCCEEDED",
        "subject": "nixbld9",
        "undone": false,
        "verb": "VERB_CONFIGURING"
      },
      {
        "key": "nixbld10",
        "status": "STATUS_SUCCEEDED",
        "subject": "nixbld10",
        "undone": false,
        "verb": "VERB_CONFIGURING"
      },
      {
        "key": "nixbld11",
        "status": "STATUS_SUCCEEDED",
        "subject": "nixbld11",
        "undone": false,
        "verb": "VERB_CONFIGURING"
      },
      {
        "key": "nixbld12",
        "status": "STATUS_SUCCEEDED",
        "subject": "nixbld12",
        "undone": false,
        "verb": "VERB_CONFIGURING"
      },
      {
        "key": "nixbld13",
        "status": "STATUS_SUCCEEDED",
        "subject": "nixbld13",
        "undone": false,
        "verb": "VERB_CONFIGURING"
      },
      {
        "key": "nixbld14",
        "status": "STATUS_SUCCEEDED",
        "subject": "nixbld14",
        "undone": false,
        "verb": "VERB_CONFIGURING"
      },
      {
        "key": "nixbld15",
        "status": "STATUS_SUCCEEDED",
        "subject": "nixbld15",
        "undone": false,
        "verb": "VERB_CONFIGURING"
      },
      {
        "key": "nixbld16",
        "status": "STATUS_SUCCEEDED",
        "subject": "nixbld16",
        "undone": false,
        "verb": "VERB_CONFIGURING"
      },
      {
        "key": "nixbld17",
        "status": "STATUS_SUCCEEDED",
        "subject": "nixbld17",
        "undone": false,
        "verb": "VERB_CONFIGURING"
      },
      {
        "key": "nixbld18",
        "status": "STATUS_SUCCEEDED",
        "subject": "nixbld18",
        "undone": false,
        "verb": "VERB_CONFIGURING"
      },
      {
        "key": "nixbld19",
        "status": "STATUS_SUCCEEDED",
        "subject": "nixbld19",
        "undone": false,
        "verb": "VERB_CONFIGURING"
      },
      {
        "key": "nixbld20",
        "status": "STATUS_SUCCEEDED",
        "subject": "nixbld20",
        "undone": false,
        "verb": "VERB_CONFIGURING"
      },
      {
        "key": "nixbld21",
        "status": "STATUS_SUCCEEDED",
        "subject": "nixbld21",
        "undone": false,
        "verb": "VERB_CONFIGURING"
      },
      {
        "key": "nixbld22",
        "status": "STATUS_SUCCEEDED",
        "subject": "nixbld22",
        "undone": false,
        "verb": "VERB_CONFIGURING"
      },
      {
        "key": "nixbld23",
        "status": "STATUS_SUCCEEDED",
        "subject": "nixbld23",
        "undone": false,
        "verb": "VERB_CONFIGURING"
      },
      {
        "key": "nixbld24",
        "status": "STATUS_SUCCEEDED",
        "subject": "nixbld24",
        "undone": false,
        "verb": "VERB_CONFIGURING"
      },
      {
        "key": "nixbld25",
        "status": "STATUS_SUCCEEDED",
        "subject": "nixbld25",
        "undone": false,
        "verb": "VERB_CONFIGURING"
      },
      {
        "key": "nixbld26",
        "status": "STATUS_SUCCEEDED",
        "subject": "nixbld26",
        "undone": false,
        "verb": "VERB_CONFIGURING"
      },
      {
        "key": "nixbld27",
        "status": "STATUS_SUCCEEDED",
        "subject": "nixbld27",
        "undone": false,
        "verb": "VERB_CONFIGURING"
      },
      {
        "key": "nixbld28",
        "status": "STATUS_SUCCEEDED",
        "subject": "nixbld28",
        "undone": false,
        "verb": "VERB_CONFIGURING"
      },
      {
        "key": "nixbld29",
        "status": "STATUS_SUCCEEDED",
        "subject": "nixbld29",
        "undone": false,
        "verb": "VERB_CONFIGURING"
      },
      {
        "key": "nixbld30",
        "status": "STATUS_SUCCEEDED",
        "subject": "nixbld30",
        "undone": false,
        "verb": "VERB_CONFIGURING"
      },
      {
        "key": "nixbld31",
        "status": "STATUS_SUCCEEDED",
        "subject": "nixbld31",
        "undone": false,
        "verb": "VERB_CONFIGURING"
      },
      {
        "key": "nixbld32",
        "status": "STATUS_SUCCEEDED",
        "subject": "nixbld32",
        "undone": false,
        "verb": "VERB_CONFIGURING"
      },
      {
        "key": "mix-users",
        "status": "STATUS_SUCCEEDED",
        "subject": "mix-users",
        "undone": false,
        "verb": "VERB_CONFIGURING"
      },
      {
        "key": "alice",
        "status": "STATUS_SUCCEEDED",
        "subject": "alice",
        "undone": false,
        "verb": "VERB_CONFIGURING"
      },
      {
        "key": "/nix",
        "status": "STATUS_SUCCEEDED",
        "subject": "/nix",
        "undone": false,
        "verb": "VERB_CONFIGURING"
      },
      {
        "key": "/nix/.mix-managed",
        "status": "STATUS_SUCCEEDED",
        "subject": "/nix/.mix-managed",
        "undone": false,
        "verb": "VERB_CONFIGURING"
      },
      {
        "key": "/nix/store",
        "status": "STATUS_SUCCEEDED",
        "subject": "/nix/store",
        "undone": false,
        "verb": "VERB_CONFIGURING"
      },
      {
        "key": "/nix/var",
        "status": "STATUS_SUCCEEDED",
        "subject": "/nix/var",
        "undone": false,
        "verb": "VERB_CONFIGURING"
      },
      {
        "key": "/nix/var/log",
        "status": "STATUS_SUCCEEDED",
        "subject": "/nix/var/log",
        "undone": false,
        "verb": "VERB_CONFIGURING"
      },
      {
        "key": "/nix/var/log/nix",
        "status": "STATUS_SUCCEEDED",
        "subject": "/nix/var/log/nix",
        "undone": false,
        "verb": "VERB_CONFIGURING"
      },
      {
        "key": "/nix/var/log/nix/drvs",
        "status": "STATUS_SUCCEEDED",
        "subject": "/nix/var/log/nix/drvs",
        "undone": false,
        "verb": "VERB_CONFIGURING"
      },
      {
        "key": "/nix/var/log/nix leftovers",
        "status": "STATUS_ALREADY_SATISFIED",
        "subject": "/nix/var/log/nix leftovers",
        "undone": false,
        "verb": "VERB_CONFIGURING"
      },
      {
        "key": "/nix/var/log leftovers",
        "status": "STATUS_ALREADY_SATISFIED",
        "subject": "/nix/var/log leftovers",
        "undone": false,
        "verb": "VERB_CONFIGURING"
      },
      {
        "key": "/nix/var/nix",
        "status": "STATUS_SUCCEEDED",
        "subject": "/nix/var/nix",
        "undone": false,
        "verb": "VERB_CONFIGURING"
      },
      {
        "key": "/nix/var/nix/daemon-socket",
        "status": "STATUS_SUCCEEDED",
        "subject": "/nix/var/nix/daemon-socket",
        "undone": false,
        "verb": "VERB_CONFIGURING"
      },
      {
        "key": "/nix/var/nix/db",
        "status": "STATUS_SUCCEEDED",
        "subject": "/nix/var/nix/db",
        "undone": false,
        "verb": "VERB_CONFIGURING"
      },
      {
        "key": "/nix/var/nix/gcroots",
        "status": "STATUS_SUCCEEDED",
        "subject": "/nix/var/nix/gcroots",
        "undone": false,
        "verb": "VERB_CONFIGURING"
      },
      {
        "key": "/nix/var/nix/gcroots/per-user",
        "status": "STATUS_SUCCEEDED",
        "subject": "/nix/var/nix/gcroots/per-user",
        "undone": false,
        "verb": "VERB_CONFIGURING"
      },
      {
        "key": "/nix/var/nix/gcroots leftovers",
        "status": "STATUS_ALREADY_SATISFIED",
        "subject": "/nix/var/nix/gcroots leftovers",
        "undone": false,
        "verb": "VERB_CONFIGURING"
      },
      {
        "key": "/nix/var/nix/profiles",
        "status": "STATUS_SUCCEEDED",
        "subject": "/nix/var/nix/profiles",
        "undone": false,
        "verb": "VERB_CONFIGURING"
      },
      {
        "key": "default profile",
        "status": "STATUS_SUCCEEDED",
        "subject": "default profile",
        "undone": false,
        "verb": "VERB_CONFIGURING"
      },
      {
        "key": "/nix/var/nix/profiles/per-user",
        "status": "STATUS_SUCCEEDED",
        "subject": "/nix/var/nix/profiles/per-user",
        "undone": false,
        "verb": "VERB_CONFIGURING"
      },
      {
        "key": "/nix/var/nix/profiles leftovers",
        "status": "STATUS_ALREADY_SATISFIED",
        "subject": "/nix/var/nix/profiles leftovers",
        "undone": false,
        "verb": "VERB_CONFIGURING"
      },
      {
        "key": "/nix/var/nix/temproots",
        "status": "STATUS_SUCCEEDED",
        "subject": "/nix/var/nix/temproots",
        "undone": false,
        "verb": "VERB_CONFIGURING"
      },
      {
        "key": "/nix/var/nix/userpool",
        "status": "STATUS_SUCCEEDED",
        "subject": "/nix/var/nix/userpool",
        "undone": false,
        "verb": "VERB_CONFIGURING"
      },
      {
        "key": "/nix/var/nix leftovers",
        "status": "STATUS_ALREADY_SATISFIED",
        "subject": "/nix/var/nix leftovers",
        "undone": false,
        "verb": "VERB_CONFIGURING"
      },
      {
        "key": "/nix/var leftovers",
        "status": "STATUS_ALREADY_SATISFIED",
        "subject": "/nix/var leftovers",
        "undone": false,
        "verb": "VERB_CONFIGURING"
      },
      {
        "key": "/nix leftovers",
        "status": "STATUS_ALREADY_SATISFIED",
        "subject": "/nix leftovers",
        "undone": false,
        "verb": "VERB_CONFIGURING"
      },
      {
        "key": "/var",
        "status": "STATUS_ALREADY_SATISFIED",
        "subject": "/var",
        "undone": false,
        "verb": "VERB_CONFIGURING"
      },
      {
        "key": "/var/empty",
        "status": "STATUS_ALREADY_SATISFIED",
        "subject": "/var/empty",
        "undone": false,
        "verb": "VERB_CONFIGURING"
      },
      {
        "key": "/var/lib",
        "status": "STATUS_ALREADY_SATISFIED",
        "subject": "/var/lib",
        "undone": false,
        "verb": "VERB_CONFIGURING"
      },
      {
        "key": "/var/lib/mix",
        "status": "STATUS_ALREADY_SATISFIED",
        "subject": "/var/lib/mix",
        "undone": false,
        "verb": "VERB_CONFIGURING"
      },
      {
        "key": "/var/lib/mix/bin",
        "status": "STATUS_ALREADY_SATISFIED",
        "subject": "/var/lib/mix/bin",
        "undone": false,
        "verb": "VERB_CONFIGURING"
      },
      {
        "key": "/var/lib/mix/bin/mix-daemon",
        "status": "STATUS_ALREADY_SATISFIED",
        "subject": "/var/lib/mix/bin/mix-daemon",
        "undone": false,
        "verb": "VERB_CONFIGURING"
      },
      {
        "key": "/var/lib/mix/bin leftovers",
        "status": "STATUS_ALREADY_SATISFIED",
        "subject": "/var/lib/mix/bin leftovers",
        "undone": false,
        "verb": "VERB_CONFIGURING"
      },
      {
        "key": "/var/lib/mix/journal",
        "status": "STATUS_ALREADY_SATISFIED",
        "subject": "/var/lib/mix/journal",
        "undone": false,
        "verb": "VERB_CONFIGURING"
      },
      {
        "key": "/var/lib/mix leftovers",
        "status": "STATUS_ALREADY_SATISFIED",
        "subject": "/var/lib/mix leftovers",
        "undone": false,
        "verb": "VERB_CONFIGURING"
      },
      {
        "key": "/var/lib leftovers",
        "status": "STATUS_ALREADY_SATISFIED",
        "subject": "/var/lib leftovers",
        "undone": false,
        "verb": "VERB_CONFIGURING"
      },
      {
        "key": "/var leftovers",
        "status": "STATUS_ALREADY_SATISFIED",
        "subject": "/var leftovers",
        "undone": false,
        "verb": "VERB_CONFIGURING"
      },
      {
        "key": "/etc",
        "status": "STATUS_ALREADY_SATISFIED",
        "subject": "/etc",
        "undone": false,
        "verb": "VERB_CONFIGURING"
      },
      {
        "key": "/etc/mix",
        "status": "STATUS_ALREADY_SATISFIED",
        "subject": "/etc/mix",
        "undone": false,
        "verb": "VERB_CONFIGURING"
      },
      {
        "key": "/etc/mix/policy.json",
        "status": "STATUS_SUCCEEDED",
        "subject": "/etc/mix/policy.json",
        "undone": false,
        "verb": "VERB_CONFIGURING"
      },
      {
        "key": "/etc/mix leftovers",
        "status": "STATUS_ALREADY_SATISFIED",
        "subject": "/etc/mix leftovers",
        "undone": false,
        "verb": "VERB_CONFIGURING"
      },
      {
        "key": "/etc/nix",
        "status": "STATUS_ALREADY_SATISFIED",
        "subject": "/etc/nix",
        "undone": false,
        "verb": "VERB_CONFIGURING"
      },
      {
        "key": "/etc/nix/nix.conf",
        "status": "STATUS_SUCCEEDED",
        "subject": "/etc/nix/nix.conf",
        "undone": false,
        "verb": "VERB_CONFIGURING"
      },
      {
        "key": "/etc/nix leftovers",
        "status": "STATUS_ALREADY_SATISFIED",
        "subject": "/etc/nix leftovers",
        "undone": false,
        "verb": "VERB_CONFIGURING"
      },
      {
        "key": "/etc/profile.d",
        "status": "STATUS_ALREADY_SATISFIED",
        "subject": "/etc/profile.d",
        "undone": false,
        "verb": "VERB_CONFIGURING"
      },
      {
        "key": "/etc/profile.d/mix-nix.sh",
        "status": "STATUS_SUCCEEDED",
        "subject": "/etc/profile.d/mix-nix.sh",
        "undone": false,
        "verb": "VERB_CONFIGURING"
      },
      {
        "key": "/etc/profile.d leftovers",
        "status": "STATUS_ALREADY_SATISFIED",
        "subject": "/etc/profile.d leftovers",
        "undone": false,
        "verb": "VERB_CONFIGURING"
      },
      {
        "key": "/etc/systemd",
        "status": "STATUS_ALREADY_SATISFIED",
        "subject": "/etc/systemd",
        "undone": false,
        "verb": "VERB_CONFIGURING"
      },
      {
        "key": "/etc/systemd/system",
        "status": "STATUS_ALREADY_SATISFIED",
        "subject": "/etc/systemd/system",
        "undone": false,
        "verb": "VERB_CONFIGURING"
      },
      {
        "key": "mix-daemon.service",
        "status": "STATUS_ALREADY_SATISFIED",
        "subject": "mix-daemon.service",
        "undone": false,
        "verb": "VERB_CONFIGURING"
      },
      {
        "key": "mix-daemon.socket",
        "status": "STATUS_ALREADY_SATISFIED",
        "subject": "mix-daemon.socket",
        "undone": false,
        "verb": "VERB_CONFIGURING"
      },
      {
        "key": "nix-daemon.service",
        "status": "STATUS_SUCCEEDED",
        "subject": "nix-daemon.service",
        "undone": false,
        "verb": "VERB_CONFIGURING"
      },
      {
        "key": "nix-daemon.socket",
        "status": "STATUS_SUCCEEDED",
        "subject": "nix-daemon.socket",
        "undone": false,
        "verb": "VERB_CONFIGURING"
      },
      {
        "key": "/etc/systemd/system leftovers",
        "status": "STATUS_ALREADY_SATISFIED",
        "subject": "/etc/systemd/system leftovers",
        "undone": false,
        "verb": "VERB_CONFIGURING"
      },
      {
        "key": "/etc leftovers",
        "status": "STATUS_ALREADY_SATISFIED",
        "subject": "/etc leftovers",
        "undone": false,
        "verb": "VERB_CONFIGURING"
      },
      {
        "key": "/home/alice",
        "status": "STATUS_ALREADY_SATISFIED",
        "subject": "/home/alice",
        "undone": false,
        "verb": "VERB_CONFIGURING"
      },
      {
        "key": "/home/alice/.local",
        "status": "STATUS_ALREADY_SATISFIED",
        "subject": "/home/alice/.local",
        "undone": false,
        "verb": "VERB_CONFIGURING"
      },
      {
        "key": "/home/alice/.local/state",
        "status": "STATUS_ALREADY_SATISFIED",
        "subject": "/home/alice/.local/state",
        "undone": false,
        "verb": "VERB_CONFIGURING"
      },
      {
        "key": "/home/alice/.local/state/mix",
        "status": "STATUS_ALREADY_SATISFIED",
        "subject": "/home/alice/.local/state/mix",
        "undone": false,
        "verb": "VERB_CONFIGURING"
      },
      {
        "key": "/home/alice/.local/state/mix/.git",
        "status": "STATUS_ALREADY_SATISFIED",
        "subject": "/home/alice/.local/state/mix/.git",
        "undone": false,
        "verb": "VERB_CONFIGURING"
      },
      {
        "key": "/home/alice/.local/state/mix/.git/config",
        "status": "STATUS_ALREADY_SATISFIED",
        "subject": "/home/alice/.local/state/mix/.git/config",
        "undone": false,
        "verb": "VERB_CONFIGURING"
      },
      {
        "key": "/home/alice/.local/state/mix/.git history",
        "status": "STATUS_ALREADY_SATISFIED",
        "subject": "/home/alice/.local/state/mix/.git history",
        "undone": false,
        "verb": "VERB_CONFIGURING"
      },
      {
        "key": "/home/alice/.local/state/mix/.git leftovers",
        "status": "STATUS_ALREADY_SATISFIED",
        "subject": "/home/alice/.local/state/mix/.git leftovers",
        "undone": false,
        "verb": "VERB_CONFIGURING"
      },
      {
        "key": "/home/alice/.local/state/mix/.gitignore",
        "status": "STATUS_ALREADY_SATISFIED",
        "subject": "/home/alice/.local/state/mix/.gitignore",
        "undone": false,
        "verb": "VERB_CONFIGURING"
      },
      {
        "key": "/home/alice/.local/state/mix/flake.lock",
        "status": "STATUS_ALREADY_SATISFIED",
        "subject": "/home/alice/.local/state/mix/flake.lock",
        "undone": false,
        "verb": "VERB_CONFIGURING"
      },
      {
        "key": "/home/alice/.local/state/mix/flake.nix",
        "status": "STATUS_ALREADY_SATISFIED",
        "subject": "/home/alice/.local/state/mix/flake.nix",
        "undone": false,
        "verb": "VERB_CONFIGURING"
      },
      {
        "key": "/home/alice/.local/state/mix/home.nix",
        "status": "STATUS_ALREADY_SATISFIED",
        "subject": "/home/alice/.local/state/mix/home.nix",
        "undone": false,
        "verb": "VERB_CONFIGURING"
      },
      {
        "key": "/home/alice/.local/state/mix/state",
        "status": "STATUS_ALREADY_SATISFIED",
        "subject": "/home/alice/.local/state/mix/state",
        "undone": false,
        "verb": "VERB_CONFIGURING"
      },
      {
        "key": "/home/alice/.local/state/mix leftovers",
        "status": "STATUS_ALREADY_SATISFIED",
        "subject": "/home/alice/.local/state/mix leftovers",
        "undone": false,
        "verb": "VERB_CONFIGURING"
      },
      {
        "key": "/home/alice/.local/state/nix",
        "status": "STATUS_ALREADY_SATISFIED",
        "subject": "/home/alice/.local/state/nix",
        "undone": false,
        "verb": "VERB_CONFIGURING"
      },
      {
        "key": "/home/alice/.local/state/nix/profiles",
        "status": "STATUS_ALREADY_SATISFIED",
        "subject": "/home/alice/.local/state/nix/profiles",
        "undone": false,
        "verb": "VERB_CONFIGURING"
      },
      {
        "key": "/home/alice/.local/state/nix/profiles/home-manager",
        "status": "STATUS_ALREADY_SATISFIED",
        "subject": "/home/alice/.local/state/nix/profiles/home-manager",
        "undone": false,
        "verb": "VERB_CONFIGURING"
      },
      {
        "key": "/home/alice/.local/state/nix leftovers",
        "status": "STATUS_ALREADY_SATISFIED",
        "subject": "/home/alice/.local/state/nix leftovers",
        "undone": false,
        "verb": "VERB_CONFIGURING"
      },
      {
        "key": "/home/alice profile",
        "status": "STATUS_ALREADY_SATISFIED",
        "subject": "/home/alice profile",
        "undone": false,
        "verb": "VERB_CONFIGURING"
      },
      {
        "key": "/home/alice/.local/state leftovers",
        "status": "STATUS_ALREADY_SATISFIED",
        "subject": "/home/alice/.local/state leftovers",
        "undone": false,
        "verb": "VERB_CONFIGURING"
      },
      {
        "key": "/home/alice/.local leftovers",
        "status": "STATUS_ALREADY_SATISFIED",
        "subject": "/home/alice/.local leftovers",
        "undone": false,
        "verb": "VERB_CONFIGURING"
      },
      {
        "key": "/home/alice files in the way",
        "status": "STATUS_ALREADY_SATISFIED",
        "subject": "/home/alice files in the way",
        "undone": false,
        "verb": "VERB_CONFIGURING"
      },
      {
        "key": "/home/alice leftovers",
        "status": "STATUS_ALREADY_SATISFIED",
        "subject": "/home/alice leftovers",
        "undone": false,
        "verb": "VERB_CONFIGURING"
      },
      {
        "key": "/ leftovers",
        "status": "STATUS_ALREADY_SATISFIED",
        "subject": "/ leftovers",
        "undone": false,
        "verb": "VERB_CONFIGURING"
      },
      {
        "key": "restart-nix-daemon",
        "status": "STATUS_ALREADY_SATISFIED",
        "subject": "Nix daemon",
        "undone": false,
        "verb": "VERB_RESTARTING"
      },
      {
        "key": "drain-mix-daemon",
        "status": "STATUS_ALREADY_SATISFIED",
        "subject": "mix daemon",
        "undone": false,
        "verb": "VERB_RESTARTING"
      },
      {
        "key": "record",
        "status": "STATUS_ALREADY_SATISFIED",
        "subject": "configuration",
        "undone": false,
        "verb": "VERB_RECORDING"
      }
    ],
    "waits": [],
    "warnings": []
  },
  "machine": {
    "files": {
      "/etc/nix/nix.conf": {
        "contents": [
          "-trusted-users = root alice",
          "+build-users-group = nixbld",
          "+experimental-features = nix-command flakes",
          "+trusted-users = root",
          "+substituters = https://mirror.internal/cache",
          "+trusted-public-keys = cache.nixos.org-1:6NCHdD59X431o0gWypbMrAURkbJ16ZPMQFGspcDShjY= mirror:AAAA"
        ]
      }
    }
  },
  "performed": [
    "StopUnit nix-daemon.socket",
    "DisableUnit nix-daemon.socket",
    "SetAside /etc/systemd/system/nix-daemon.service",
    "SetAside /etc/systemd/system/nix-daemon.socket",
    "DaemonReload ",
    "DeleteUser nixbld1",
    "DeleteUser nixbld2",
    "DeleteUser nixbld3",
    "DeleteUser nixbld4",
    "DeleteUser nixbld5",
    "DeleteUser nixbld6",
    "DeleteUser nixbld7",
    "DeleteUser nixbld8",
    "DeleteUser nixbld9",
    "DeleteUser nixbld10",
    "DeleteUser nixbld11",
    "DeleteUser nixbld12",
    "DeleteUser nixbld13",
    "DeleteUser nixbld14",
    "DeleteUser nixbld15",
    "DeleteUser nixbld16",
    "DeleteUser nixbld17",
    "DeleteUser nixbld18",
    "DeleteUser nixbld19",
    "DeleteUser nixbld20",
    "DeleteUser nixbld21",
    "DeleteUser nixbld22",
    "DeleteUser nixbld23",
    "DeleteUser nixbld24",
    "DeleteUser nixbld25",
    "DeleteUser nixbld26",
    "DeleteUser nixbld27",
    "DeleteUser nixbld28",
    "DeleteUser nixbld29",
    "DeleteUser nixbld30",
    "DeleteUser nixbld31",
    "DeleteUser nixbld32",
    "DeleteGroup nixbld",
    "DeleteGroup mix-users",
    "SetAside /etc/nix/nix.conf",
    "SetAside /etc/profile.d/mix-nix.sh",
    "SetAside /etc/mix/policy.json",
    "SetAside /nix",
    "AddGroup nixbld",
    "AddUser nixbld1",
    "AddUser nixbld2",
    "AddUser nixbld3",
    "AddUser nixbld4",
    "AddUser nixbld5",
    "AddUser nixbld6",
    "AddUser nixbld7",
    "AddUser nixbld8",
    "AddUser nixbld9",
    "AddUser nixbld10",
    "AddUser nixbld11",
    "AddUser nixbld12",
    "AddUser nixbld13",
    "AddUser nixbld14",
    "AddUser nixbld15",
    "AddUser nixbld16",
    "AddUser nixbld17",
    "AddUser nixbld18",
    "AddUser nixbld19",
    "AddUser nixbld20",
    "AddUser nixbld21",
    "AddUser nixbld22",
    "AddUser nixbld23",
    "AddUser nixbld24",
    "AddUser nixbld25",
    "AddUser nixbld26",
    "AddUser nixbld27",
    "AddUser nixbld28",
    "AddUser nixbld29",
    "AddUser nixbld30",
    "AddUser nixbld31",
    "AddUser nixbld32",
    "AddGroup mix-users",
    "AddMember alice in mix-users",
    "CreateDirs /nix",
    "PutFile /nix/.mix-managed",
    "CreateDirs /nix/store",
    "CreateDirs /nix/var",
    "CreateDirs /nix/var/log",
    "CreateDirs /nix/var/log/nix",
    "CreateDirs /nix/var/log/nix/drvs",
    "CreateDirs /nix/var/nix",
    "CreateDirs /nix/var/nix/daemon-socket",
    "CreateDirs /nix/var/nix/db",
    "CreateDirs /nix/var/nix/gcroots",
    "CreateDirs /nix/var/nix/gcroots/per-user",
    "CreateDirs /nix/var/nix/profiles",
    "InstallRuntime https://mirror.internal/nix-2.35.2-x86_64-linux.tar.xz",
    "CreateDirs /nix/var/nix/profiles/per-user",
    "CreateDirs /nix/var/nix/temproots",
    "CreateDirs /nix/var/nix/userpool",
    "PutFile /etc/mix/policy.json",
    "PutFile /etc/nix/nix.conf",
    "PutFile /etc/profile.d/mix-nix.sh",
    "InstallUnit nix-daemon.service",
    "DaemonReload ",
    "InstallUnit nix-daemon.socket",
    "DaemonReload ",
    "EnableUnit nix-daemon.socket",
    "StartUnit nix-daemon.socket",
    "Commit changes"
  ]
}
