---
source: crates/core/src/plan/tests.rs
expression: "run.case(&before, &world)"
---
{
  "document": {
    "cancellation": "CANCELLATION_UNSPECIFIED",
    "changes": [],
    "command": "bootstrap",
    "dryRun": false,
    "exit": 0,
    "formatVersion": "1.0",
    "problems": [],
    "request": "request",
    "status": "STATUS_SUCCEEDED",
    "steps": [
      {
        "key": "create-nix-dir",
        "status": "STATUS_ALREADY_SATISFIED",
        "subject": "ensure a directory",
        "undone": false,
        "verb": "VERB_CREATING"
      },
      {
        "key": "create-nix-var",
        "status": "STATUS_ALREADY_SATISFIED",
        "subject": "ensure a directory",
        "undone": false,
        "verb": "VERB_CREATING"
      },
      {
        "key": "create-groups",
        "status": "STATUS_ALREADY_SATISFIED",
        "subject": "ensure a group",
        "undone": false,
        "verb": "VERB_CREATING"
      },
      {
        "key": "write-marker",
        "status": "STATUS_ALREADY_SATISFIED",
        "subject": "ensure a file",
        "undone": false,
        "verb": "VERB_CREATING"
      },
      {
        "key": "write-nix-conf",
        "status": "STATUS_ALREADY_SATISFIED",
        "subject": "ensure a file",
        "undone": false,
        "verb": "VERB_CREATING"
      }
    ],
    "waits": [],
    "warnings": []
  },
  "machine": {},
  "performed": []
}
