---
source: crates/daemon/src/journal.rs
expression: entries
---
[
  "MESSAGE=add group nixbld: succeeded PRIORITY=6 SYSLOG_IDENTIFIER=mix-daemon MIX_USER=alice MIX_COMMAND=bootstrap MIX_REQUEST=request MIX_STATUS=succeeded MIX_OPERATION=add group MIX_SUBJECT=nixbld MIX_STEP=nixbld",
  "MESSAGE=nixbld succeeded PRIORITY=6 SYSLOG_IDENTIFIER=mix-daemon MIX_USER=alice MIX_COMMAND=bootstrap MIX_REQUEST=request MIX_STATUS=succeeded MIX_STEP=nixbld",
  "MESSAGE=add user nixbld1: failed PRIORITY=4 SYSLOG_IDENTIFIER=mix-daemon MIX_USER=alice MIX_COMMAND=bootstrap MIX_REQUEST=request MIX_STATUS=failed MIX_OPERATION=add user MIX_SUBJECT=nixbld1 MIX_STEP=nixbld1",
  "MESSAGE=nixbld1 failed PRIORITY=4 SYSLOG_IDENTIFIER=mix-daemon MIX_USER=alice MIX_COMMAND=bootstrap MIX_REQUEST=request MIX_STATUS=failed MIX_STEP=nixbld1",
  "MESSAGE=delete group nixbld: succeeded PRIORITY=6 SYSLOG_IDENTIFIER=mix-daemon MIX_USER=alice MIX_COMMAND=bootstrap MIX_REQUEST=request MIX_STATUS=succeeded MIX_OPERATION=delete group MIX_SUBJECT=nixbld MIX_UNDO=1 MIX_STEP=nixbld"
]
