---
source: crates/core/src/ops/change/tests.rs
expression: "run.case(&before, &world)"
---
{
  "document": {
    "cancellation": "CANCELLATION_UNSPECIFIED",
    "changes": [
      {
        "action": "CHANGE_ACTION_DELETE",
        "operation": "OPERATION_COLLECT_GARBAGE",
        "status": "STATUS_SUCCEEDED",
        "step": "/home/mix-user/.local/state/nix/profiles/home-manager old generations",
        "subject": "unused store paths",
        "undone": false,
        "unknown": []
      }
    ],
    "command": "clean",
    "dryRun": false,
    "exit": 0,
    "formatVersion": "1.0",
    "problems": [],
    "request": "request",
    "status": "STATUS_SUCCEEDED",
    "steps": [
      {
        "key": "mix-users",
        "status": "STATUS_ALREADY_SATISFIED",
        "subject": "mix-users",
        "undone": false,
        "verb": "VERB_CONFIGURING"
      },
      {
        "key": "mix-user",
        "status": "STATUS_ALREADY_SATISFIED",
        "subject": "mix-user",
        "undone": false,
        "verb": "VERB_CONFIGURING"
      },
      {
        "key": "/home/mix-user",
        "status": "STATUS_ALREADY_SATISFIED",
        "subject": "/home/mix-user",
        "undone": false,
        "verb": "VERB_CONFIGURING"
      },
      {
        "key": "/home/mix-user/.local",
        "status": "STATUS_ALREADY_SATISFIED",
        "subject": "/home/mix-user/.local",
        "undone": false,
        "verb": "VERB_CONFIGURING"
      },
      {
        "key": "/home/mix-user/.local/state",
        "status": "STATUS_ALREADY_SATISFIED",
        "subject": "/home/mix-user/.local/state",
        "undone": false,
        "verb": "VERB_CONFIGURING"
      },
      {
        "key": "/home/mix-user/.local/state/mix",
        "status": "STATUS_ALREADY_SATISFIED",
        "subject": "/home/mix-user/.local/state/mix",
        "undone": false,
        "verb": "VERB_CONFIGURING"
      },
      {
        "key": "/home/mix-user/.local/state/mix/.git",
        "status": "STATUS_ALREADY_SATISFIED",
        "subject": "/home/mix-user/.local/state/mix/.git",
        "undone": false,
        "verb": "VERB_CONFIGURING"
      },
      {
        "key": "/home/mix-user/.local/state/mix/.git/config",
        "status": "STATUS_ALREADY_SATISFIED",
        "subject": "/home/mix-user/.local/state/mix/.git/config",
        "undone": false,
        "verb": "VERB_CONFIGURING"
      },
      {
        "key": "/home/mix-user/.local/state/mix/.git history",
        "status": "STATUS_ALREADY_SATISFIED",
        "subject": "/home/mix-user/.local/state/mix/.git history",
        "undone": false,
        "verb": "VERB_CONFIGURING"
      },
      {
        "key": "/home/mix-user/.local/state/mix/.gitignore",
        "status": "STATUS_ALREADY_SATISFIED",
        "subject": "/home/mix-user/.local/state/mix/.gitignore",
        "undone": false,
        "verb": "VERB_CONFIGURING"
      },
      {
        "key": "/home/mix-user/.local/state/mix/flake.lock",
        "status": "STATUS_ALREADY_SATISFIED",
        "subject": "/home/mix-user/.local/state/mix/flake.lock",
        "undone": false,
        "verb": "VERB_CONFIGURING"
      },
      {
        "key": "/home/mix-user/.local/state/mix/flake.nix",
        "status": "STATUS_ALREADY_SATISFIED",
        "subject": "/home/mix-user/.local/state/mix/flake.nix",
        "undone": false,
        "verb": "VERB_CONFIGURING"
      },
      {
        "key": "/home/mix-user/.local/state/mix/home.nix",
        "status": "STATUS_ALREADY_SATISFIED",
        "subject": "/home/mix-user/.local/state/mix/home.nix",
        "undone": false,
        "verb": "VERB_CONFIGURING"
      },
      {
        "key": "/home/mix-user/.local/state/mix/state",
        "status": "STATUS_ALREADY_SATISFIED",
        "subject": "/home/mix-user/.local/state/mix/state",
        "undone": false,
        "verb": "VERB_CONFIGURING"
      },
      {
        "key": "/home/mix-user/.local/state/nix",
        "status": "STATUS_ALREADY_SATISFIED",
        "subject": "/home/mix-user/.local/state/nix",
        "undone": false,
        "verb": "VERB_CONFIGURING"
      },
      {
        "key": "/home/mix-user/.local/state/nix/profiles",
        "status": "STATUS_ALREADY_SATISFIED",
        "subject": "/home/mix-user/.local/state/nix/profiles",
        "undone": false,
        "verb": "VERB_CONFIGURING"
      },
      {
        "key": "/home/mix-user/.local/state/nix/profiles/home-manager old generations",
        "status": "STATUS_SUCCEEDED",
        "subject": "old generations",
        "undone": false,
        "verb": "VERB_REMOVING"
      },
      {
        "key": "/home/mix-user profile",
        "status": "STATUS_ALREADY_SATISFIED",
        "subject": "/home/mix-user profile",
        "undone": false,
        "verb": "VERB_CONFIGURING"
      },
      {
        "key": "/home/mix-user files in the way",
        "status": "STATUS_ALREADY_SATISFIED",
        "subject": "/home/mix-user files in the way",
        "undone": false,
        "verb": "VERB_CONFIGURING"
      },
      {
        "key": "record",
        "status": "STATUS_ALREADY_SATISFIED",
        "subject": "configuration",
        "undone": false,
        "verb": "VERB_RECORDING"
      }
    ],
    "waits": [],
    "warnings": []
  },
  "machine": {},
  "performed": [
    "CollectGarbage unused store paths",
    "Commit changes"
  ]
}
